***** External Functions *****
1    AddFontRegistrationToLog                           isrt.obl(Misc.obs)
2    AppSearch                                          isrt.obl(Driver.obs)
3    CCPSearch                                          isrt.obl(Driver.obs)
4    ChangeDirectory                                    isrt.obl(Files.obs)
5    CloseFile                                          isrt.obl(Files.obs)
6    CmdGetHwndDlg                                      isrt.obl(CustomDialog.obs)
7    ComponentAddFileToLog                              isrt.obl(component.obs)
8    ComponentCompareSizeRequired                       isrt.obl(component.obs)
9    ComponentGetData                                   isrt.obl(component.obs)
10   ComponentGetTotalCost                              isrt.obl(component.obs)
11   ComponentIsItemSelected                            isrt.obl(component.obs)
12   ComponentListItems                                 isrt.obl(component.obs)
13   ComponentSelectItem                                isrt.obl(component.obs)
14   ComponentTreeInit                                  isrt.obl(Dialogs.obs)
15   CreateDir                                          isrt.obl(Files.obs)
16   CreateFile                                         isrt.obl(Files.obs)
17   CreateInstallationInfo                             isrt.obl(Registry.obs)
18   CreateRegistrySet                                  isrt.obl(Feature.obs)
19   CtrlGetNotificationCode                            isrt.obl(CustomDialog.obs)
20   CtrlGetState                                       isrt.obl(CustomDialog.obs)
21   CtrlGetText                                        isrt.obl(CustomDialog.obs)
22   CtrlSelectText                                     isrt.obl(CustomDialog.obs)
23   CtrlSetState                                       isrt.obl(CustomDialog.obs)
24   CtrlSetText                                        isrt.obl(CustomDialog.obs)
25   DIFxDriverPackageUninstall                         isrt.obl(ISDIFx.obs)
26   DRMINSTALLERPRO.DRMInstallPRO                      isrt.obl(Activation.obs)
27   DRMINSTALLERPRO.DRMUnInstallPRO                    isrt.obl(Activation.obs)
28   DefineDialog                                       isrt.obl(CustomDialog.obs)
29   Delay                                              isrt.obl(Misc.obs)
30   DeleteFile                                         isrt.obl(Files.obs)
31   DeleteSingleFile                                   isrt.obl(Files.obs)
32   DialogSetDefaultFont                               isrt.obl(Dialogs.obs)
33   DialogSetFont                                      isrt.obl(Dialogs.obs)
34   DialogSetInfo                                      isrt.obl(Dialogs.obs)
35   Disable                                            isrt.obl(Enable.obs)
36   DllSizeOf                                          isrt.obl(Str.obs)
37   Do                                                 isrt.obl(Misc.obs)
38   Enable                                             isrt.obl(Enable.obs)
39   EndCurrentDialog                                   isrt.obl(Dialogs.obs)
40   EndDialog                                          isrt.obl(CustomDialog.obs)
41   EnterDisk                                          isrt.obl(EnterDisk.obs)
42   EnterPassword                                      isrt.obl(EnterPasswordDlg.obs)
43   ExistsDir                                          isrt.obl(Files.obs)
44   ExistsDisk                                         isrt.obl(Files.obs)
45   ExitInstall                                        isrt.obl(Driver.obs)
46   EzDefineDialog                                     isrt.obl(CustomDialog.obs)
47   FeatureAddFileToLog                                isrt.obl(Feature.obs)
48   FeatureCompareSizeRequired                         isrt.obl(Feature.obs)
49   FeatureErrorInfo                                   isrt.obl(Feature.obs)
50   FeatureFilterLanguage                              isrt.obl(Feature.obs)
51   FeatureFilterOS                                    isrt.obl(Feature.obs)
52   FeatureGetData                                     isrt.obl(Feature.obs)
53   FeatureGetTotalCost                                isrt.obl(Feature.obs)
54   FeatureIsItemSelected                              isrt.obl(Feature.obs)
55   FeatureListItems                                   isrt.obl(Feature.obs)
56   FeaturePatch                                       isrt.obl(Feature.obs)
57   FeatureReinstall                                   isrt.obl(Feature.obs)
58   FeatureRemoveAllInLogOnly                          isrt.obl(Feature.obs)
59   FeatureRemoveAllInMedia                            isrt.obl(Feature.obs)
60   FeatureRemoveAllInMediaAndLog                      isrt.obl(Feature.obs)
61   FeatureSaveTarget                                  isrt.obl(Feature.obs)
62   FeatureSelectItem                                  isrt.obl(Feature.obs)
63   FeatureSelectNew                                   isrt.obl(Feature.obs)
64   FeatureSetupTypeSet                                isrt.obl(Feature.obs)
65   FeatureStandardSetupTypeSet                        isrt.obl(Feature.obs)
66   FeatureTransferData                                isrt.obl(Feature.obs)
67   FeatureUpdate                                      isrt.obl(Feature.obs)
68   FeatureValidate                                    isrt.obl(Feature.obs)
69   FinalConstruct                                     ifx.obl(EventsPriv.obs)
70   FinalRelease                                       ifx.obl(EventsPriv.obs)
71   FindFile                                           isrt.obl(Files.obs)
72   FormatMessage                                      isrt.obl(Misc.obs)
73   GDI32.AddFontResource                              setup.obs
74   GDI32.CreateRectRgn                                setup.obs
75   GDI32.GetDeviceCaps                                setup.obs
76   GDI32.RemoveFontResource                           setup.obs
77   GetAddRemove                                       isrt.obl(SysVars.obs)
78   GetBillboard                                       isrt.obl(SysVars.obs)
79   GetCurrentDialogName                               isrt.obl(Dialogs.obs)
80   GetCurrentDir                                      isrt.obl(Files.obs)
81   GetDialogTitle                                     isrt.obl(Dialogs.obs)
82   GetDir                                             isrt.obl(Str.obs)
83   GetDisk                                            isrt.obl(Str.obs)
84   GetDiskSpace                                       isrt.obl(GSI.obs)
85   GetDiskSpaceEx                                     isrt.obl(GSI.obs)
86   GetEnabledIServices                                isrt.obl(SysVars.obs)
87   GetErrorMsg                                        isrt.obl(Dialogs.obs)
88   GetErrorTitle                                      isrt.obl(Dialogs.obs)
89   GetExtents                                         isrt.obl(GSI.obs)
90   GetFolderApplications                              isrt.obl(SysVars.obs)
91   GetFolderApplications64                            isrt.obl(SysVars.obs)
92   GetFolderFonts                                     isrt.obl(SysVars.obs)
93   GetISRes                                           isrt.obl(SysVars.obs)
94   GetInstallScriptMSI                                isrt.obl(SysVars.obs)
95   GetInstanceGUID                                    isrt.obl(SysVars.obs)
96   GetKeyPathWinCurrVerAuto                           isrt.obl(SysVars.obs)
97   GetLog                                             isrt.obl(SysVars.obs)
98   GetLogEx                                           isrt.obl(SysVars.obs)
99   GetMaintOption                                     isrt.obl(SysVars.obs)
100  GetMaintenance                                     isrt.obl(SysVars.obs)
101  GetMultiInstanceCount                              isrt.obl(SysVars.obs)
102  GetOpenFileMode                                    isrt.obl(Files.obs)
103  GetPackageLocation                                 isrt.obl(SysVars.obs)
104  GetProductGUID                                     isrt.obl(SysVars.obs)
105  GetProfString                                      isrt.obl(Profile.obs)
106  GetProgramFiles                                    isrt.obl(SysVars.obs)
107  GetReinstallMode                                   isrt.obl(SysVars.obs)
108  GetRemoveAllMode                                   isrt.obl(SysVars.obs)
109  GetRemoveOnly                                      isrt.obl(SysVars.obs)
110  GetSelectedLanguage                                isrt.obl(SysVars.obs)
111  GetSelectedTreeComponent                           isrt.obl(CmptView.obs)
112  GetShowPasswordDialog                              isrt.obl(SysVars.obs)
113  GetSupportDir                                      isrt.obl(SysVars.obs)
114  GetSystemInfo                                      isrt.obl(GSI.obs)
115  GetTempFolder                                      isrt.obl(SysVars.obs)
116  GetTrueTypeFontFileInfo                            isrt.obl(Misc.obs)
117  GetUserSelectableAuto                              isrt.obl(SysVars.obs)
118  GetWinDir                                          isrt.obl(SysVars.obs)
119  GetWinSysDir                                       isrt.obl(SysVars.obs)
120  GetWindowHandle                                    isrt.obl(Misc.obs)
121  HIBYTE                                             isrt.obl(Misc.obs)
122  HIWORD                                             isrt.obl(Misc.obs)
123  ISDeterminePlatform                                isrt.obl(OsInfo.obs)
124  ISMIF32.InstallStatusMIF                           isrt.obl(MIF.obs)
125  ISRT.ComponentViewSetInfoEx                        isrt.obl(Dialogs.obs)
126  ISRT.EnableHourGlass                               isrt.obl(Enable.obs)
127  ISRT.GetCPUType                                    isrt.obl(GSI.obs)
128  ISRT.GetFontSub                                    isrt.obl(Dialogs.obs)
129  ISRT.GetHandle                                     setup.obs
130  ISRT.GetPorts                                      isrt.obl(GSI.obs)
131  ISRT.IsEmpty                                       setup.obs
132  ISRT.IsNTAdmin                                     isrt.obl(Is.obs)
133  ISRT.IsObject                                      setup.obs
134  ISRT.IsPowerUser                                   isrt.obl(Is.obs)
135  ISRT.LangLoadString                                isrt.obl(SDINT.obs)
136  ISRT.MessageBeepP                                  setup.obs
137  ISRT.PathCompactPathPixel                          isrt.obl(CustomDialog.obs)
138  ISRT.PathGetDir                                    isrt.obl(Str.obs)
139  ISRT.PathGetDrive                                  isrt.obl(Str.obs)
140  ISRT.PathGetFile                                   isrt.obl(Files.obs)
141  ISRT.PathGetFileExt                                isrt.obl(Str.obs)
142  ISRT.PathGetFileName                               isrt.obl(Str.obs)
143  ISRT.PathGetPath                                   isrt.obl(Str.obs)
144  ISRT.PathGetSpecialFolder                          isrt.obl(SysVars.obs)
145  ISRT.PathIsValidSyntax                             isrt.obl(Is.obs)
146  ISRT._AppSearch                                    setup.obs
147  ISRT._BrowseForFolder                              isrt.obl(SelectDir.obs)
148  ISRT._CCPSearch                                    setup.obs
149  ISRT._CleanupInet                                  isrt.obl(MIO.obs)
150  ISRT._CloseFile                                    isrt.obl(Files.obs)
151  ISRT._CmdGetHwndDlg                                isrt.obl(CustomDialog.obs)
152  ISRT._ComponentCompareSizeRequired                 isrt.obl(Feature.obs)
153  ISRT._ComponentErrorInfo                           isrt.obl(Feature.obs)
154  ISRT._ComponentFilterLanguage                      isrt.obl(Feature.obs)
155  ISRT._ComponentFilterOS                            isrt.obl(Feature.obs)
156  ISRT._ComponentGetData                             isrt.obl(Feature.obs)
157  ISRT._ComponentGetTotalCost                        isrt.obl(Feature.obs)
158  ISRT._ComponentGetTotalCostEx                      isrt.obl(SdComponentTreeDlg.obs)
159  ISRT._ComponentIsItemSelected                      isrt.obl(Feature.obs)
160  ISRT._ComponentListItems                           isrt.obl(Feature.obs)
161  ISRT._ComponentPatch                               isrt.obl(Feature.obs)
162  ISRT._ComponentReinstall                           isrt.obl(Feature.obs)
163  ISRT._ComponentRemoveAll                           isrt.obl(Feature.obs)
164  ISRT._ComponentRemoveAllInLogOnly                  isrt.obl(Feature.obs)
165  ISRT._ComponentSaveTarget                          isrt.obl(Feature.obs)
166  ISRT._ComponentSelectItem                          isrt.obl(Feature.obs)
167  ISRT._ComponentSelectNew                           isrt.obl(Feature.obs)
168  ISRT._ComponentSetupTypeSet                        isrt.obl(Feature.obs)
169  ISRT._ComponentTransferData                        isrt.obl(Feature.obs)
170  ISRT._ComponentUpdate                              isrt.obl(Feature.obs)
171  ISRT._ComponentValidate                            isrt.obl(Feature.obs)
172  ISRT._CreateDir                                    isrt.obl(Files.obs)
173  ISRT._CreateRegistrySet                            isrt.obl(Feature.obs)
174  ISRT._CtrlGetNotificationCode                      isrt.obl(CustomDialog.obs)
175  ISRT._DIFxDriverPackageUninstall                   isrt.obl(ISDIFx.obs)
176  ISRT._DefineDialog                                 isrt.obl(CustomDialog.obs)
177  ISRT._DialogSetFont                                isrt.obl(Dialogs.obs)
178  ISRT._DisableStatus                                isrt.obl(Enable.obs)
179  ISRT._DoSprintf                                    isrt.obl(MsgBox.obs)
180  ISRT._EnableDialogCache                            isrt.obl(Enable.obs)
181  ISRT._EnablePrevDialog                             isrt.obl(AskDestPathDlg.obs)
182  ISRT._EnableSkins                                  isrt.obl(Enable.obs)
183  ISRT._EnableStatus                                 isrt.obl(Enable.obs)
184  ISRT._EnableWow64FsRedirection                     isrt.obl(Enable.obs)
185  ISRT._EndDialog                                    isrt.obl(CustomDialog.obs)
186  ISRT._ExistsDir                                    isrt.obl(Files.obs)
187  ISRT._ExistsDisk                                   isrt.obl(Files.obs)
188  ISRT._ExistsFile                                   isrt.obl(Files.obs)
189  ISRT._ExitInstall                                  setup.obs
190  ISRT._GetCurrentDialogName                         isrt.obl(Dialogs.obs)
191  ISRT._GetDiskSpaceEx                               isrt.obl(GSI.obs)
192  ISRT._GetDiskSpaceExEx                             isrt.obl(SdComponentTreeDlg.obs)
193  ISRT._GetGlobalMemorySize                          isrt.obl(GSI.obs)
194  ISRT._GetProcessorInfo                             isrt.obl(OsInfo.obs)
195  ISRT._GetSelectedTreeComponent                     isrt.obl(CmptView.obs)
196  ISRT._GetSupportDir                                isrt.obl(SysVars.obs)
197  ISRT._GetTrueTypeFontFileInfo                      isrt.obl(Misc.obs)
198  ISRT._InetEndofTransfer                            isrt.obl(iftw.obs)
199  ISRT._InetGetNextDisk                              isrt.obl(iftw.obs)
200  ISRT._InitInstall                                  setup.obs
201  ISRT._IsFontTypefaceNameAvailable                  isrt.obl(Is.obs)
202  ISRT._IsSkinLoaded                                 isrt.obl(Is.obs)
203  ISRT._IsWindowsME                                  isrt.obl(GSI.obs)
204  ISRT._IsWow64                                      isrt.obl(OsInfo.obs)
205  ISRT._ListAddItem                                  isrt.obl(scrlist.obs)
206  ISRT._ListAddString                                isrt.obl(scrlist.obs)
207  ISRT._ListCount                                    isrt.obl(scrlist.obs)
208  ISRT._ListCreate                                   isrt.obl(scrlist.obs)
209  ISRT._ListCurrentString                            isrt.obl(scrlist.obs)
210  ISRT._ListDeleteItem                               isrt.obl(scrlist.obs)
211  ISRT._ListDeleteString                             isrt.obl(scrlist.obs)
212  ISRT._ListDestroy                                  isrt.obl(scrlist.obs)
213  ISRT._ListFindString                               isrt.obl(scrlist.obs)
214  ISRT._ListGetFirstItem                             isrt.obl(scrlist.obs)
215  ISRT._ListGetFirstString                           isrt.obl(scrlist.obs)
216  ISRT._ListGetNextItem                              isrt.obl(scrlist.obs)
217  ISRT._ListGetNextString                            isrt.obl(scrlist.obs)
218  ISRT._ListGetType                                  isrt.obl(scrlist.obs)
219  ISRT._ListSetIndex                                 isrt.obl(scrlist.obs)
220  ISRT._MediaGetInfo                                 isrt.obl(Feature.obs)
221  ISRT._OnUninstPriv                                 setup.obs
222  ISRT._OpenFile                                     isrt.obl(Files.obs)
223  ISRT._Preprogram                                   setup.obs
224  ISRT._Rebooted                                     setup.obs
225  ISRT._RegCreateKey                                 isrt.obl(Registry.obs)
226  ISRT._RegDeleteValue                               isrt.obl(Registry.obs)
227  ISRT._RegEnableTextSubs                            isrt.obl(Enable.obs)
228  ISRT._RegGetOptions                                isrt.obl(SysVars.obs)
229  ISRT._RegIsRemoteRegConnected                      isrt.obl(Is.obs)
230  ISRT._RegQueryKeyBinaryValue                       isrt.obl(Registry.obs)
231  ISRT._RegQueryKeyValue                             isrt.obl(Registry.obs)
232  ISRT._RegSetKeyBinaryValue                         isrt.obl(Registry.obs)
233  ISRT._RegSetKeyValue                               isrt.obl(Registry.obs)
234  ISRT._RegSetOptions                                isrt.obl(SysVars.obs)
235  ISRT._ReleaseDialog                                isrt.obl(CustomDialog.obs)
236  ISRT._SetAltMainImage                              isrt.obl(Dialogs.obs)
237  ISRT._SetDisplayEffect                             isrt.obl(ui.obs)
238  ISRT._SetPaletteFile                               isrt.obl(MIO.obs)
239  ISRT._SetSilentSdShowMsg                           isrt.obl(Enable.obs)
240  ISRT._SetTitle                                     isrt.obl(ui.obs)
241  ISRT._SetupInet                                    isrt.obl(MIO.obs)
242  ISRT._SetupTraceWrite                              isrt.obl(Misc.obs)
243  ISRT._ShowObjWizardPages                           isrt.obl(Objects.obs)
244  ISRT._ShowWizardPages                              setup.obs
245  ISRT._StatusUpdate                                 isrt.obl(ui.obs)
246  ISRT._TreeViewCreate                               isrt.obl(CmptView.obs)
247  ISRT._WaitOnDialog                                 isrt.obl(CustomDialog.obs)
248  ISRT._WriteLine                                    isrt.obl(Files.obs)
249  ISRT.__CreateObjectContext                         isrt.obl(ISRTInit.obs)
250  ISRT.__GetCmdLineOptions                           isrt.obl(ISRTInit.obs)
251  ISRT.__GetContextGUID                              isrt.obl(ISRTInit.obs)
252  ISRT.__GetEnabledIServices                         isrt.obl(SysVars.obs)
253  ISRT.__GetFileRegistrar                            isrt.obl(ISRTInit.obs)
254  ISRT.__GetInfo                                     isrt.obl(ISRTInit.obs)
255  ISRT.__GetInstallGuid                              isrt.obl(SysVars.obs)
256  ISRT.__GetLog                                      isrt.obl(SysVars.obs)
257  ISRT.__GetLogDB                                    isrt.obl(ISRTInit.obs)
258  ISRT.__GetLogEx                                    isrt.obl(SysVars.obs)
259  ISRT.__GetMainWindow                               setup.obs
260  ISRT.__GetMaintOption                              isrt.obl(SysVars.obs)
261  ISRT.__GetMaintenanceMode                          isrt.obl(SysVars.obs)
262  ISRT.__GetObjects                                  isrt.obl(ISRTInit.obs)
263  ISRT.__GetProductGuid                              isrt.obl(SysVars.obs)
264  ISRT.__GetProgress                                 setup.obs
265  ISRT.__GetReboot                                   isrt.obl(ISRTInit.obs)
266  ISRT.__GetReinstallMode                            isrt.obl(SysVars.obs)
267  ISRT.__GetRemoveAllMode                            isrt.obl(SysVars.obs)
268  ISRT.__GetTextSub                                  isrt.obl(ISRTInit.obs)
269  ISRT.__GetUpdateMode                               isrt.obl(SysVars.obs)
270  ISRT.__GetUser                                     isrt.obl(MIO.obs)
271  ISRT.__ISRTGetPropertyBag                          ifx.obl(PersistPropertyBag.obs)
272  ISRT.__ISRTReleasePropertyBag                      ifx.obl(PersistPropertyBag.obs)
273  ISRT.__LoadString                                  isrt.obl(LoadStr.obs)
274  ISRT.__PutEnabledIServices                         isrt.obl(Enable.obs)
275  ISRT.__ReleaseObjectContext                        isrt.obl(ISRTInit.obs)
276  ISRT.__RestoreMainLog                              isrt.obl(ISRTInit.obs)
277  ISRT.__RestoreMainLogEx                            isrt.obl(ISRTInit.obs)
278  ISRT.__SetComponentLog                             isrt.obl(ISRTInit.obs)
279  ISRT.__SetUpdateMode                               isrt.obl(SysVars.obs)
280  ISRTHandleScriptException                          isrt.obl(Misc.obs)
281  ISRTOnUninstPriv                                   isrt.obl(Driver.obs)
282  ISRTPreprogram                                     isrt.obl(Driver.obs)
283  IfxFilterComponents                                ifx.obl(EventsSetupPriv.obs)
284  IfxFinalConstruct                                  ifx.obl(EventsSetupPriv.obs)
285  IfxFinalRelease                                    ifx.obl(EventsSetupPriv.obs)
286  IfxInitProperties                                  ifx.obl(PersistPropertyBag.obs)
287  IfxOnAbortInstall                                  ifx.obl(EventsPriv.obs)
288  IfxOnAppSearch                                     ifx.obl(EventsPriv.obs)
289  IfxOnCCPSearch                                     ifx.obl(EventsPriv.obs)
290  IfxOnCanceling                                     ifx.obl(EventsPriv.obs)
291  IfxOnDisk1Installed                                ifx.obl(EventsSetupPriv.obs)
292  IfxOnDisk1Installing                               ifx.obl(EventsSetupPriv.obs)
293  IfxOnExitInstall                                   ifx.obl(EventsSetupPriv.obs)
294  IfxOnFileError                                     ifx.obl(EventsSetupPriv.obs)
295  IfxOnFileLocked                                    ifx.obl(EventsSetupPriv.obs)
296  IfxOnFileReadOnly                                  ifx.obl(EventsSetupPriv.obs)
297  IfxOnGeneralScriptOp                               ifx.obl(EventsPriv.obs)
298  IfxOnHelp                                          ifx.obl(EventsPriv.obs)
299  IfxOnInitInstall                                   ifx.obl(EventsSetupPriv.obs)
300  IfxOnInternetError                                 ifx.obl(EventsSetupPriv.obs)
301  IfxOnMD5Error                                      ifx.obl(EventsSetupPriv.obs)
302  IfxOnNextDisk                                      ifx.obl(EventsSetupPriv.obs)
303  IfxOnRebooted                                      ifx.obl(EventsPriv.obs)
304  IfxOnRemovingSharedFile                            ifx.obl(EventsSetupPriv.obs)
305  IfxOnShowWizardPages                               ifx.obl(EventsSetupPriv.obs)
306  IfxOnTransferred                                   ifx.obl(EventsPriv.obs)
307  IfxOnTransferring                                  ifx.obl(EventsSetupPriv.obs)
308  IfxOnUnhandledException                            ifx.obl(EventsPriv.obs)
309  IfxOnUninst                                        ifx.obl(EventsSetupPriv.obs)
310  IfxOnUninstPriv                                    ifx.obl(EventsSetupPriv.obs)
311  IfxPostprogram                                     ifx.obl(EventsSetupPriv.obs)
312  IfxPreprogram                                      ifx.obl(EventsSetupPriv.obs)
313  IfxReadProperties                                  ifx.obl(PersistPropertyBag.obs)
314  IfxRunAfterReboot                                  ifx.obl(EventsSetupPriv.obs)
315  IfxWriteProperties                                 ifx.obl(PersistPropertyBag.obs)
316  InetEndofTransfer                                  isrt.obl(iftw.obs)
317  InetNextDisk                                       isrt.obl(iftw.obs)
318  InitInstall                                        isrt.obl(Driver.obs)
319  InitProperties                                     ifx.obl(PersistPropertyBag.obs)
320  Is                                                 isrt.obl(Is.obs)
321  IsInetInstall                                      isrt.obl(iftw.obs)
322  KERNEL.GetModuleHandle                             setup.obs
323  KERNEL32.CloseHandle                               setup.obs
324  KERNEL32.CreateFileA                               setup.obs
325  KERNEL32.DeleteFileA                               setup.obs
326  KERNEL32.FindClose                                 setup.obs
327  KERNEL32.FindFirstFileA                            setup.obs
328  KERNEL32.FindNextFileA                             setup.obs
329  KERNEL32.FormatMessageA                            setup.obs
330  KERNEL32.FreeLibrary                               setup.obs
331  KERNEL32.GetCurrentDirectoryA                      setup.obs
332  KERNEL32.GetDriveType                              setup.obs
333  KERNEL32.GetFileAttributesA                        setup.obs
334  KERNEL32.GetLocalTime                              setup.obs
335  KERNEL32.GetLocaleInfo                             setup.obs
336  KERNEL32.GetPrivateProfileString                   setup.obs
337  KERNEL32.GetPrivateProfileStringA                  setup.obs
338  KERNEL32.GetProcAddress                            setup.obs
339  KERNEL32.GetProfileStringA                         setup.obs
340  KERNEL32.GetSystemDefaultLCID                      setup.obs
341  KERNEL32.GetSystemDefaultLangID                    setup.obs
342  KERNEL32.GetSystemDefaultUILanguage                setup.obs
343  KERNEL32.GetTickCount                              setup.obs
344  KERNEL32.GetUserDefaultLangID                      setup.obs
345  KERNEL32.GetVersion                                setup.obs
346  KERNEL32.GetVersionEx                              setup.obs
347  KERNEL32.GetVolumeInformation                      setup.obs
348  KERNEL32.GetWindowsDirectory                       setup.obs
349  KERNEL32.LoadLibraryA                              setup.obs
350  KERNEL32.SetCurrentDirectoryA                      setup.obs
351  KERNEL32.SetFileAttributesA                        setup.obs
352  KERNEL32.Sleep                                     setup.obs
353  KERNEL32.WritePrivateProfileString                 setup.obs
354  KERNEL32.WritePrivateProfileStringA                setup.obs
355  KERNEL32.WriteProfileStringA                       setup.obs
356  KERNEL32.lstrlen                                   setup.obs
357  LOBYTE                                             isrt.obl(Misc.obs)
358  LOWORD                                             isrt.obl(Misc.obs)
359  LaunchAppAndWaitInitStartupInfo                    isrt.obl(Extend.obs)
360  ListAddItem                                        isrt.obl(scrlist.obs)
361  ListAddString                                      isrt.obl(scrlist.obs)
362  ListCount                                          isrt.obl(scrlist.obs)
363  ListCreate                                         isrt.obl(scrlist.obs)
364  ListCurrentString                                  isrt.obl(scrlist.obs)
365  ListDeleteItem                                     isrt.obl(scrlist.obs)
366  ListDeleteString                                   isrt.obl(scrlist.obs)
367  ListDestroy                                        isrt.obl(scrlist.obs)
368  ListFindString                                     isrt.obl(scrlist.obs)
369  ListGetFirstItem                                   isrt.obl(scrlist.obs)
370  ListGetFirstString                                 isrt.obl(scrlist.obs)
371  ListGetNextItem                                    isrt.obl(scrlist.obs)
372  ListGetNextString                                  isrt.obl(scrlist.obs)
373  ListGetType                                        isrt.obl(scrlist.obs)
374  ListSetIndex                                       isrt.obl(scrlist.obs)
375  ListValid                                          isrt.obl(scrlist.obs)
376  ListValidType                                      isrt.obl(scrlist.obs)
377  LoadStringFromStringTable                          isrt.obl(Str.obs)
378  LogReadCustomString                                isrt.obl(Misc.obs)
379  LogReadCustomVariant                               isrt.obl(Misc.obs)
380  LogWriteCustomString                               isrt.obl(Misc.obs)
381  LogWriteCustomVariant                              isrt.obl(Misc.obs)
382  LongPathToQuote                                    isrt.obl(Str.obs)
383  MAKELONG                                           isrt.obl(Misc.obs)
384  MIFCreateMIFFile                                   isrt.obl(MIF.obs)
385  MIFDeleteMIFFile                                   isrt.obl(MIF.obs)
386  MIFInitialize                                      isrt.obl(MIF.obs)
387  MIFSetInformation                                  isrt.obl(MIF.obs)
388  MIFUnInitialize                                    isrt.obl(MIF.obs)
389  MIFWasSetInformationCalled                         isrt.obl(MIF.obs)
390  MIOShutdown                                        isrt.obl(MIO.obs)
391  MIOStartup                                         isrt.obl(MIO.obs)
392  MaintenanceStart                                   isrt.obl(Registry.obs)
393  MediaGetData                                       isrt.obl(Feature.obs)
394  MediaGetDataEx                                     isrt.obl(Feature.obs)
395  MessageBeep                                        isrt.obl(Misc.obs)
396  MessageBox                                         isrt.obl(MsgBox.obs)
397  MessageBoxEx                                       isrt.obl(MsgBox.obs)
398  OnAbort                                            ifx.obl(EventsSetup.obs)
399  OnAppSearch                                        ifx.obl(EventsSetup.obs)
400  OnBegin                                            ifx.obl(EventsSetup.obs)
401  OnCCPSearch                                        ifx.obl(EventsSetup.obs)
402  OnCanceling                                        ifx.obl(EventsSetup.obs)
403  OnCheckMediaPassword                               ifx.obl(EventsSetup.obs)
404  OnComponentError                                   ifx.obl(EventsSetup.obs)
405  OnCustomizeUninstInfo                              ifx.obl(EventsSetup.obs)
406  OnDIFxLogCallback                                  ifx.obl(EventsSetup.obs)
407  OnDIFxLogCallbackImpl                              isrt.obl(ISDIFx.obs)
408  OnEnd                                              ifx.obl(EventsSetup.obs)
409  OnFileError                                        ifx.obl(EventsSetup.obs)
410  OnFileLocked                                       ifx.obl(EventsSetup.obs)
411  OnFileReadOnly                                     ifx.obl(EventsSetup.obs)
412  OnFilterComponents                                 ifx.obl(EventsSetup.obs)
413  OnFirstUIAfter                                     ifx.obl(EventsSetup.obs)
414  OnFirstUIBefore                                    setup.obs
415  OnHelp                                             ifx.obl(EventsSetup.obs)
416  OnIISAppPoolUninstalling                           ifx.obl(EventsPriv.obs)
417  OnIISCheckRequirements                             ifx.obl(EventsPriv.obs)
418  OnIISComponentInstalled                            ifx.obl(EventsPriv.obs)
419  OnIISInitialize                                    ifx.obl(EventsPriv.obs)
420  OnIISUninitialize                                  ifx.obl(EventsPriv.obs)
421  OnIISVRootUninstalling                             ifx.obl(EventsPriv.obs)
422  OnIISWebServiceExtensionUninstalling               ifx.obl(EventsPriv.obs)
423  OnInstallDRMService                                isrt.obl(Activation.obs)
424  OnInstalledFile                                    ifx.obl(EventsSetup.obs)
425  OnInstalledFontFile                                ifx.obl(EventsSetup.obs)
426  OnInstallingFile                                   ifx.obl(EventsSetup.obs)
427  OnInternetError                                    ifx.obl(EventsSetup.obs)
428  OnLaunchAppAndWaitCallback                         ifx.obl(EventsSetup.obs)
429  OnMD5Error                                         ifx.obl(EventsSetup.obs)
430  OnMaintUIAfter                                     ifx.obl(EventsSetup.obs)
431  OnMaintUIBefore                                    ifx.obl(EventsSetup.obs)
432  OnMoveData                                         ifx.obl(EventsSetup.obs)
433  OnMoved                                            ifx.obl(EventsSetup.obs)
434  OnMoving                                           ifx.obl(EventsSetup.obs)
435  OnNetApiCreateUserAccount                          ifx.obl(EventsSetup.obs)
436  OnNetApiCreateUserAccountInternal                  isrt.obl(NetApiRT.obs)
437  OnNextDisk                                         ifx.obl(EventsSetup.obs)
438  OnRebooted                                         ifx.obl(EventsSetup.obs)
439  OnRemovingSharedFile                               ifx.obl(EventsSetup.obs)
440  OnSQLBatchScripts                                  ifx.obl(EventsPriv.obs)
441  OnSQLComponentInstalled                            ifx.obl(EventsPriv.obs)
442  OnSQLComponentUninstalled                          ifx.obl(EventsPriv.obs)
443  OnSQLServerInitialize                              ifx.obl(EventsPriv.obs)
444  OnSQLServerInitializeMaint                         ifx.obl(EventsPriv.obs)
445  OnSelfRegistrationError                            ifx.obl(EventsSetup.obs)
446  OnSetTARGETDIR                                     ifx.obl(EventsSetup.obs)
447  OnSetUpdateMode                                    ifx.obl(EventsSetup.obs)
448  OnShowUI                                           ifx.obl(EventsSetup.obs)
449  OnUnInstallDRMService                              isrt.obl(Activation.obs)
450  OnUnhandledException                               ifx.obl(EventsPriv.obs)
451  OnUninstall                                        ifx.obl(EventsSetup.obs)
452  OnUninstalledFile                                  ifx.obl(EventsSetup.obs)
453  OnUninstallingDIFxDriverFile                       ifx.obl(EventsSetup.obs)
454  OnUninstallingFile                                 ifx.obl(EventsSetup.obs)
455  OnUninstallingFontFile                             ifx.obl(EventsSetup.obs)
456  OnUpdateUIAfter                                    ifx.obl(EventsSetup.obs)
457  OnUpdateUIBefore                                   ifx.obl(EventsSetup.obs)
458  OnXMLComponentInstalled                            ifx.obl(EventsPriv.obs)
459  OnXMLComponentUninstalling                         ifx.obl(EventsPriv.obs)
460  OnXMLInitialize                                    ifx.obl(EventsPriv.obs)
461  OnXMLUninitialize                                  ifx.obl(EventsPriv.obs)
462  OpenFileMode                                       isrt.obl(Files.obs)
463  PCRestoreInit                                      isrt.obl(PCRestore.obs)
464  PCRestoreOnAbort                                   isrt.obl(PCRestore.obs)
465  PCRestoreOnBegin                                   isrt.obl(PCRestore.obs)
466  PCRestoreOnExit                                    isrt.obl(PCRestore.obs)
467  ParsePath                                          isrt.obl(Str.obs)
468  Postprogram                                        ifx.obl(EventsSetupPriv.obs)
469  Preprogram                                         ifx.obl(EventsSetupPriv.obs)
470  ProgDefGroupType                                   isrt.obl(Shell.obs)
471  ProgGetGroupType                                   isrt.obl(Shell.obs)
472  PthFixPath                                         isrt.obl(Pth.obs)
473  PthIsAbsPath                                       isrt.obl(Pth.obs)
474  ReadProperties                                     ifx.obl(PersistPropertyBag.obs)
475  Rebooted                                           isrt.obl(Driver.obs)
476  RegDBDeleteValue                                   isrt.obl(Registry.obs)
477  RegDBGetItem                                       isrt.obl(Registry.obs)
478  RegDBGetKeyValueEx                                 isrt.obl(Registry.obs)
479  RegDBQueryValue                                    isrt.obl(Registry.obs)
480  RegDBQueryValue32                                  isrt.obl(Registry.obs)
481  RegDBSetItem                                       isrt.obl(Registry.obs)
482  RegDBSetKeyValueEx                                 isrt.obl(Registry.obs)
483  RegDBSetValue                                      isrt.obl(Registry.obs)
484  RegDBSetValue32                                    isrt.obl(Registry.obs)
485  RegDBSetVersion                                    isrt.obl(Registry.obs)
486  RegisterFontResource                               isrt.obl(Misc.obs)
487  ReleaseDialog                                      isrt.obl(CustomDialog.obs)
488  SdAskDestPath2                                     isrt.obl(SdAskDestPath2Dlg.obs)
489  SdCloseDlg                                         isrt.obl(SDINT.obs)
490  SdComponentDlgCheckSpace                           isrt.obl(SDINT.obs)
491  SdDlgToTop                                         isrt.obl(SDINT.obs)
492  SdDoStdButton                                      isrt.obl(SDINT.obs)
493  SdEnablement                                       isrt.obl(SDINT.obs)
494  SdError                                            isrt.obl(SDINT.obs)
495  SdExceptionsInit                                   isrt.obl(SdExceptions.obs)
496  SdFeatureTree                                      isrt.obl(SdComponentTreeDlg.obs)
497  SdFinish                                           isrt.obl(SdFinishDlg.obs)
498  SdFinishReboot                                     isrt.obl(SdFinishRebootDlg.obs)
499  SdFinishUpdateEx                                   isrt.obl(SdFinishUpdate.obs)
500  SdGeneralInit                                      isrt.obl(SDINT.obs)
501  SdInit                                             isrt.obl(SDINT.obs)
502  SdIsStdButton                                      isrt.obl(SDINT.obs)
503  SdLoadString                                       isrt.obl(SDINT.obs)
504  SdMakeName                                         isrt.obl(SDINT.obs)
505  SdPlugInProductName                                isrt.obl(SDINT.obs)
506  SdSetDlgTitle                                      isrt.obl(SDINT.obs)
507  SdSetStatic                                        isrt.obl(SDINT.obs)
508  SdStartCopy2                                       isrt.obl(SdStartCopy2Dlg.obs)
509  SdSubstituteProductInfo                            isrt.obl(SDINT.obs)
510  SdUnInit                                           isrt.obl(SDINT.obs)
511  SdWelcome                                          isrt.obl(SdWelcomeDlg.obs)
512  SdWelcomeMaint                                     isrt.obl(SdWelcomeMaintDlg.obs)
513  SelectDir                                          isrt.obl(SelectDir.obs)
514  SelectDirNoLog                                     isrt.obl(SelectDir.obs)
515  SendMessage                                        isrt.obl(Misc.obs)
516  ServiceInitParams                                  isrt.obl(Service.obs)
517  SetCmdLine                                         isrt.obl(SysVars.obs)
518  SetDialogTitle                                     isrt.obl(Dialogs.obs)
519  SetDisplayEffect                                   isrt.obl(ui.obs)
520  SetExtendedErrInfo                                 isrt.obl(IsUtil.obs)
521  SetFolderDesktop                                   isrt.obl(SysVars.obs)
522  SetFolderPrograms                                  isrt.obl(SysVars.obs)
523  SetFolderStartMenu                                 isrt.obl(SysVars.obs)
524  SetFolderStartup                                   isrt.obl(SysVars.obs)
525  SetStatus                                          ifx.obl(EventsSetupPriv.obs)
526  SetStatusEx                                        ifx.obl(EventsSetupPriv.obs)
527  SetStatusExStaticText                              isrt.obl(ui.obs)
528  SetStatusWindow                                    isrt.obl(ui.obs)
529  SetTitle                                           isrt.obl(ui.obs)
530  SetupTraceWrite                                    isrt.obl(Misc.obs)
531  SetupType2                                         isrt.obl(SetupType2Dlg.obs)
532  ShowObjWizardPages                                 isrt.obl(Objects.obs)
533  ShowWizardPages                                    isrt.obl(Driver.obs)
534  SilentCreateFile                                   isrt.obl(Silent.obs)
535  SilentDoGeneralInfo                                isrt.obl(Silent.obs)
536  SilentFailed                                       isrt.obl(Silent.obs)
537  SilentFinish                                       isrt.obl(Silent.obs)
538  SilentInit                                         isrt.obl(Silent.obs)
539  SilentLogWriteData                                 isrt.obl(Silent.obs)
540  SilentReadData                                     isrt.obl(Silent.obs)
541  SilentSetInfo                                      isrt.obl(Silent.obs)
542  SilentSetMode                                      isrt.obl(Silent.obs)
543  SilentWriteData                                    isrt.obl(Silent.obs)
544  Sprintf                                            isrt.obl(Str.obs)
545  SprintfBox                                         isrt.obl(MsgBox.obs)
546  StatusUpdate                                       isrt.obl(ui.obs)
547  StrAddLastSlash                                    isrt.obl(Str.obs)
548  StrFindEx                                          isrt.obl(Str.obs)
549  StrGetTokens                                       isrt.obl(Str.obs)
550  StrLength                                          isrt.obl(Str.obs)
551  StrRemoveLastSlash                                 isrt.obl(Str.obs)
552  StrRemoveSpaces                                    isrt.obl(Str.obs)
553  StrReplace                                         isrt.obl(Str.obs)
554  StrToNumHex                                        isrt.obl(Str.obs)
555  StrToUpper                                         isrt.obl(Str.obs)
556  SysVarsInit                                        isrt.obl(SysVars.obs)
557  SysVarsTrace                                       isrt.obl(SysVars.obs)
558  SysVarsUnInit                                      isrt.obl(SysVars.obs)
559  System                                             isrt.obl(Misc.obs)
560  TextSubGetValue                                    isrt.obl(TextSub.obs)
561  TextSubParseTextSub                                isrt.obl(TextSub.obs)
562  TextSubSetValue                                    isrt.obl(TextSub.obs)
563  TextSubSubstitute                                  isrt.obl(TextSub.obs)
564  TreeViewCreate                                     isrt.obl(CmptView.obs)
565  USER.EnableWindow                                  setup.obs
566  USER.GetClassName                                  setup.obs
567  USER.GetDC                                         setup.obs
568  USER.GetDlgItem                                    setup.obs
569  USER.GetFocus                                      setup.obs
570  USER.GetWindowLong                                 setup.obs
571  USER.IsIconic                                      setup.obs
572  USER.IsWindow                                      setup.obs
573  USER.IsWindowVisible                               setup.obs
574  USER.PostMessage                                   setup.obs
575  USER.ReleaseDC                                     setup.obs
576  USER.SendMessageA                                  setup.obs
577  USER.SetFocus                                      setup.obs
578  USER.SetForegroundWindow                           setup.obs
579  USER.SetWindowPos                                  setup.obs
580  USER.SetWindowText                                 setup.obs
581  USER.ShowWindow                                    setup.obs
582  USER32.CharUpperBuffA                              setup.obs
583  USER32.DispatchMessage                             setup.obs
584  USER32.GetSystemMetrics                            setup.obs
585  USER32.GetWindowText                               setup.obs
586  USER32.GetWindowTextLength                         setup.obs
587  USER32.MessageBoxA                                 setup.obs
588  USER32.PeekMessageA                                setup.obs
589  USER32.SendMessageA                                setup.obs
590  USER32.SetWindowLong                               setup.obs
591  USER32.SetWindowRgn                                setup.obs
592  USER32.TranslateMessage                            setup.obs
593  UpdateServiceCheckForUpdates                       isrt.obl(ISUpdateService.obs)
594  UpdateServiceEnableUpdateService                   isrt.obl(ISUpdateService.obs)
595  UpdateServiceInit                                  isrt.obl(ISUpdateService.obs)
596  UpdateServiceRegisterAfterReboot                   isrt.obl(ISUpdateService.obs)
597  UpdateServiceRegisterProductEx                     isrt.obl(ISUpdateService.obs)
598  VarInit                                            isrt.obl(SysVars.obs)
599  VarRestore                                         isrt.obl(SysVars.obs)
600  VarRestoreISRT                                     isrt.obl(SysVars.obs)
601  VarSave                                            isrt.obl(SysVars.obs)
602  VarSaveISRT                                        isrt.obl(SysVars.obs)
603  VerProductCompareVersions                          isrt.obl(version.obs)
604  VerProductGetInstalledVersion                      isrt.obl(version.obs)
605  VerProductIsVersionSupported                       isrt.obl(version.obs)
606  VerProductNumToStr                                 isrt.obl(version.obs)
607  VerProductStrToNum                                 isrt.obl(version.obs)
608  VerProductVerFromVerParts                          isrt.obl(version.obs)
609  VerProductVerPartsFromVer                          isrt.obl(version.obs)
610  WaitOnDialog                                       isrt.obl(CustomDialog.obs)
611  WizardDirection                                    ifx.obl(EventsSetupPriv.obs)
612  WriteLine                                          isrt.obl(Files.obs)
613  WriteProfInt                                       isrt.obl(Profile.obs)
614  WriteProfString                                    isrt.obl(Profile.obs)
615  WriteProperties                                    ifx.obl(PersistPropertyBag.obs)
616  __ISRTDoExit                                       isrt.obl(Misc.obs)
617  __ISRTInit                                         isrt.obl(ISRTInit.obs)
618  __ISRTRestoreMainLog                               isrt.obl(ISRTInit.obs)
619  __ISRTRestoreMainLogEx                             isrt.obl(ISRTInit.obs)
620  __ISRTSetComponentLog                              isrt.obl(ISRTInit.obs)
621  __ISRTUnInit                                       isrt.obl(ISRTInit.obs)
622  __LoadIScriptString                                isrt.obl(LoadStr.obs)
623  program                                            ifx.obl(EventsSetupPriv.obs)
624  sfc.SRSetRestorePoint                              setup.obs


***** External Variables *****
1    ADDREMOVE                                          isrt.obl(DebugSymbols.obs)
2    ADDREMOVE_COMBINEDBUTTON                           setup.obs
3    ADDREMOVE_HIDECHANGEOPTION                         setup.obs
4    ADDREMOVE_HIDEREMOVEOPTION                         setup.obs
5    ADDREMOVE_HIDEREPAIROPTION                         setup.obs
6    ADDREMOVE_STRING_REMOVEONLY                        setup.obs
7    ADDREMOVE_SYSTEMCOMPONENT                          setup.obs
8    ADMINUSER                                          setup.obs
9    ALLUSERS                                           setup.obs
10   BASICMSI                                           isrt.obl(DebugSymbols.obs)
11   BATCH_INSTALL                                      setup.obs
12   CMDLINE                                            isrt.obl(DebugSymbols.obs)
13   COMMONFILES                                        isrt.obl(DebugSymbols.obs)
14   COMMONFILES64                                      isrt.obl(DebugSymbols.obs)
15   DISABLE_ALLUSERBTN                                 setup.obs
16   DISABLE_PERUSERBTN                                 setup.obs
17   DISK1SETUPEXENAME                                  isrt.obl(DebugSymbols.obs)
18   DISK1TARGET                                        setup.obs
19   ENABLED_ISERVICES                                  isrt.obl(DebugSymbols.obs)
20   ENGINECOMMONDIR                                    isrt.obl(DebugSymbols.obs)
21   ENGINEDIR                                          isrt.obl(DebugSymbols.obs)
22   ERRORFILENAME                                      setup.obs
23   Err                                                setup.obs
24   FILETIME                                           setup.obs
25   FIND_DATA                                          setup.obs
26   FOLDER_APPDATA                                     isrt.obl(DebugSymbols.obs)
27   FOLDER_COMMON_APPDATA                              isrt.obl(DebugSymbols.obs)
28   FOLDER_DESKTOP                                     isrt.obl(DebugSymbols.obs)
29   FOLDER_DOTNET_10                                   isrt.obl(DebugSymbols.obs)
30   FOLDER_DOTNET_11                                   isrt.obl(DebugSymbols.obs)
31   FOLDER_DOTNET_20                                   isrt.obl(DebugSymbols.obs)
32   FOLDER_FONTS                                       isrt.obl(DebugSymbols.obs)
33   FOLDER_LOCAL_APPDATA                               isrt.obl(DebugSymbols.obs)
34   FOLDER_PERSONAL                                    isrt.obl(DebugSymbols.obs)
35   FOLDER_PROGRAMS                                    isrt.obl(DebugSymbols.obs)
36   FOLDER_STARTMENU                                   isrt.obl(DebugSymbols.obs)
37   FOLDER_STARTUP                                     isrt.obl(DebugSymbols.obs)
38   FOLDER_TEMP                                        isrt.obl(DebugSymbols.obs)
39   FileRegistrar                                      setup.obs
40   HKEYCURRENTROOTKEY                                 setup.obs
41   IFX_COMPANY_NAME                                   setup.obs
42   IFX_DISK1INSTALLED                                 setup.obs
43   IFX_INITIALIZED                                    setup.obs
44   IFX_INSTALLED_DISPLAY_VERSION                      setup.obs
45   IFX_INSTALLED_VERSION                              setup.obs
46   IFX_KEYPATH_PRODUCT_INFO                           setup.obs
47   IFX_MULTI_INSTANCE_SUFFIX                          setup.obs
48   IFX_PRODUCT_COMMENTS                               setup.obs
49   IFX_PRODUCT_DISPLAY_NAME                           setup.obs
50   IFX_PRODUCT_DISPLAY_VERSION                        setup.obs
51   IFX_PRODUCT_ICON                                   setup.obs
52   IFX_PRODUCT_KEY                                    setup.obs
53   IFX_PRODUCT_NAME                                   setup.obs
54   IFX_PRODUCT_README                                 setup.obs
55   IFX_PRODUCT_REGISTEREDCOMPANY                      setup.obs
56   IFX_PRODUCT_REGISTEREDOWNER                        setup.obs
57   IFX_PRODUCT_REGISTEREDSERIALNUM                    setup.obs
58   IFX_PRODUCT_SUPPORT_CONTACT                        setup.obs
59   IFX_PRODUCT_SUPPORT_PHONE                          setup.obs
60   IFX_PRODUCT_SUPPORT_URL                            setup.obs
61   IFX_PRODUCT_UPDATE_URL                             setup.obs
62   IFX_PRODUCT_URL                                    setup.obs
63   IFX_PRODUCT_VERSION                                setup.obs
64   IFX_SETUP_TITLE                                    setup.obs
65   IFX_SUPPORTED_VERSIONS                             setup.obs
66   IISROOTFOLDER                                      isrt.obl(DebugSymbols.obs)
67   INSTALLSCRIPTMSI                                   isrt.obl(DebugSymbols.obs)
68   INSTANCE_GUID                                      isrt.obl(DebugSymbols.obs)
69   ISDIFXAPPID                                        setup.obs
70   ISRES                                              isrt.obl(DebugSymbols.obs)
71   ISUSER                                             isrt.obl(DebugSymbols.obs)
72   ISUTIL_FUNCTION_ACTUAL_ERROR                       setup.obs
73   ISUTIL_LINE_NUMBER                                 setup.obs
74   ISUTIL_SCRIPT_FILE                                 setup.obs
75   ISVERSION                                          isrt.obl(DebugSymbols.obs)
76   InetSRCDIR                                         setup.obs
77   LAAW_PARAMETERS                                    setup.obs
78   LAAW_STARTUPINFO                                   setup.obs
79   LAST_RESULT                                        setup.obs
80   LogDB                                              setup.obs
81   MAINTENANCE                                        isrt.obl(DebugSymbols.obs)
82   MAINT_OPTION                                       isrt.obl(DebugSymbols.obs)
83   MEDIA                                              setup.obs
84   MEDIA_INFO                                         isrt.obl(Feature.obs)
85   MODE                                               setup.obs
86   MSG                                                setup.obs
87   MULTI_INSTANCE_COUNT                               isrt.obl(DebugSymbols.obs)
88   MainWindow                                         setup.obs
89   NOTHING                                            setup.obs
90   OSINFO_PLATFORM_INFO                               setup.obs
91   OSINFO_PROCESSOR_INFO                              setup.obs
92   OSVERSIONINFO                                      setup.obs
93   OSVERSIONINFOEX                                    setup.obs
94   Objects                                            setup.obs
95   PACKAGE_LOCATION                                   isrt.obl(DebugSymbols.obs)
96   POINT                                              setup.obs
97   PRIVILEGED                                         setup.obs
98   PRODUCT_GUID                                       isrt.obl(DebugSymbols.obs)
99   PROGRAMFILES                                       isrt.obl(DebugSymbols.obs)
100  PROGRAMFILES64                                     isrt.obl(DebugSymbols.obs)
101  RECT                                               setup.obs
102  REGDB_OPTIONS                                      setup.obs
103  REINSTALLMODE                                      isrt.obl(DebugSymbols.obs)
104  REMOVEALLMODE                                      isrt.obl(DebugSymbols.obs)
105  REMOVEONLY                                         isrt.obl(DebugSymbols.obs)
106  RUN_ONCE_PROGRAM                                   isrt.obl(DebugSymbols.obs)
107  Reboot                                             setup.obs
108  SELECTED_LANGUAGE                                  isrt.obl(DebugSymbols.obs)
109  SERVICE_IS_PARAMS                                  setup.obs
110  SETUPTYPE_STR_COMPACT                              setup.obs
111  SETUPTYPE_STR_COMPLETE                             setup.obs
112  SETUPTYPE_STR_CUSTOM                               setup.obs
113  SETUPTYPE_STR_TYPICAL                              setup.obs
114  SHELL_OBJECT_FOLDER                                setup.obs
115  SHOW_PASSWORD_DIALOG                               isrt.obl(DebugSymbols.obs)
116  SRCDIR                                             setup.obs
117  SRCDISK                                            isrt.obl(DebugSymbols.obs)
118  STARTUPINFO                                        setup.obs
119  SUPPORTDIR                                         isrt.obl(DebugSymbols.obs)
120  SYSTEMTIME                                         setup.obs
121  SetupInfo                                          setup.obs
122  StatusDlg                                          setup.obs
123  TARGETDIR                                          setup.obs
124  TARGETDISK                                         isrt.obl(DebugSymbols.obs)
125  TextSub                                            setup.obs
126  UNINST                                             setup.obs
127  UNINSTALLKEY                                       setup.obs
128  UNINSTALL_DISPLAYNAME                              setup.obs
129  UNINSTALL_STRING                                   setup.obs
130  UPDATEMODE                                         setup.obs
131  WINDIR                                             isrt.obl(DebugSymbols.obs)
132  WINDISK                                            isrt.obl(DebugSymbols.obs)
133  WINSYSDIR                                          isrt.obl(DebugSymbols.obs)
134  WINSYSDIR64                                        isrt.obl(DebugSymbols.obs)
135  WINSYSDISK                                         isrt.obl(DebugSymbols.obs)
136  _FONTFILEINFO                                      setup.obs
137  _INT64                                             setup.obs
138  _ISDIFXINSTALLERINFO                               isrt.obl(ISDIFx.obs)
139  _LAAW_PARAMETERS                                   setup.obs
140  _RESTOREINFO_                                      setup.obs
141  _RESTOREPTINFO                                     setup.obs
142  _SERVICE_IS_PARAMS                                 setup.obs
143  _SMGRSTATUS                                        setup.obs
144  _SMGSTATUS_                                        setup.obs
145  _WIN9X                                             setup.obs
146  _WINNT                                             setup.obs
147  __SYSTEMINFORMATION                                setup.obs
148  __SYSTEMPROCESSORINFORMATION                       setup.obs
149  __hContext                                         isrt.obl(Activation.obs)
150  __objGlobalTextSub                                 setup.obs
151  __szGUID                                           isrt.obl(ISRTInit.obs)
152  bBackButton                                        setup.obs
153  bCancelButton                                      setup.obs
154  bEnterDiskBeep                                     isrt.obl(AskDestPathDlg.obs)
155  bFinishButton                                      setup.obs
156  bIFXLFNoToAll                                      setup.obs
157  bIFXLFOnRebootToAll                                setup.obs
158  bIFXLFYesToAll                                     setup.obs
159  bIFXMD5IgnoreToAll                                 setup.obs
160  bIFXRONoToAll                                      setup.obs
161  bIFXROYesToAll                                     setup.obs
162  bIFXSFNoToAll                                      setup.obs
163  bIFXSFYesToAll                                     setup.obs
164  bIfxPCHInitialized                                 setup.obs
165  bIfxPCHOn                                          setup.obs
166  bInstall16                                         setup.obs
167  bNextButton                                        setup.obs
168  bSdInit                                            setup.obs
169  bViewCmptKunits                                    setup.obs
170  bViewCmptUseDecimal                                setup.obs
171  g_bSuppressMissingStringWarning                    isrt.obl(Enable.obs)
172  nIfxPCHType                                        setup.obs
173  szAppKey                                           setup.obs
174  szSdProduct                                        setup.obs
175  szSdStr_NotEnoughSpace                             setup.obs
